------------------------------------------------------------
Timing Analyzer Summary
------------------------------------------------------------

Type  : Slow 1200mV 85C Model Setup 'clk_i'
Slack : -6.621
TNS   : -403.466

Type  : Slow 1200mV 85C Model Setup 'can_top:can_top_inst|can_clk:can_clk_instance|can_clk_o_reg'
Slack : -5.950
TNS   : -332.788

Type  : Slow 1200mV 85C Model Hold 'clk_i'
Slack : 0.433
TNS   : 0.000

Type  : Slow 1200mV 85C Model Hold 'can_top:can_top_inst|can_clk:can_clk_instance|can_clk_o_reg'
Slack : 0.452
TNS   : 0.000

Type  : Slow 1200mV 85C Model Recovery 'can_top:can_top_inst|can_clk:can_clk_instance|can_clk_o_reg'
Slack : -1.229
TNS   : -18.435

Type  : Slow 1200mV 85C Model Removal 'can_top:can_top_inst|can_clk:can_clk_instance|can_clk_o_reg'
Slack : 1.726
TNS   : 0.000

Type  : Slow 1200mV 85C Model Minimum Pulse Width 'clk_i'
Slack : -3.000
TNS   : -162.109

Type  : Slow 1200mV 85C Model Minimum Pulse Width 'can_top:can_top_inst|can_clk:can_clk_instance|can_clk_o_reg'
Slack : -1.487
TNS   : -114.499

Type  : Slow 1200mV 0C Model Setup 'clk_i'
Slack : -6.072
TNS   : -367.771

Type  : Slow 1200mV 0C Model Setup 'can_top:can_top_inst|can_clk:can_clk_instance|can_clk_o_reg'
Slack : -5.593
TNS   : -308.753

Type  : Slow 1200mV 0C Model Hold 'clk_i'
Slack : 0.382
TNS   : 0.000

Type  : Slow 1200mV 0C Model Hold 'can_top:can_top_inst|can_clk:can_clk_instance|can_clk_o_reg'
Slack : 0.403
TNS   : 0.000

Type  : Slow 1200mV 0C Model Recovery 'can_top:can_top_inst|can_clk:can_clk_instance|can_clk_o_reg'
Slack : -1.018
TNS   : -15.270

Type  : Slow 1200mV 0C Model Removal 'can_top:can_top_inst|can_clk:can_clk_instance|can_clk_o_reg'
Slack : 1.597
TNS   : 0.000

Type  : Slow 1200mV 0C Model Minimum Pulse Width 'clk_i'
Slack : -3.000
TNS   : -162.109

Type  : Slow 1200mV 0C Model Minimum Pulse Width 'can_top:can_top_inst|can_clk:can_clk_instance|can_clk_o_reg'
Slack : -1.487
TNS   : -114.499

Type  : Fast 1200mV 0C Model Setup 'clk_i'
Slack : -2.261
TNS   : -122.457

Type  : Fast 1200mV 0C Model Setup 'can_top:can_top_inst|can_clk:can_clk_instance|can_clk_o_reg'
Slack : -2.042
TNS   : -102.658

Type  : Fast 1200mV 0C Model Hold 'clk_i'
Slack : 0.178
TNS   : 0.000

Type  : Fast 1200mV 0C Model Hold 'can_top:can_top_inst|can_clk:can_clk_instance|can_clk_o_reg'
Slack : 0.184
TNS   : 0.000

Type  : Fast 1200mV 0C Model Recovery 'can_top:can_top_inst|can_clk:can_clk_instance|can_clk_o_reg'
Slack : -0.010
TNS   : -0.150

Type  : Fast 1200mV 0C Model Removal 'can_top:can_top_inst|can_clk:can_clk_instance|can_clk_o_reg'
Slack : 0.723
TNS   : 0.000

Type  : Fast 1200mV 0C Model Minimum Pulse Width 'clk_i'
Slack : -3.000
TNS   : -141.954

Type  : Fast 1200mV 0C Model Minimum Pulse Width 'can_top:can_top_inst|can_clk:can_clk_instance|can_clk_o_reg'
Slack : -1.000
TNS   : -77.000

------------------------------------------------------------
