------------------------------------------------------------
Timing Analyzer Summary
------------------------------------------------------------

Type  : Slow 1200mV 85C Model Setup 'can_clk:can_clk_instance|can_clk_o_reg'
Slack : -5.632
TNS   : -294.440

Type  : Slow 1200mV 85C Model Setup 'clk_i'
Slack : -2.905
TNS   : -22.186

Type  : Slow 1200mV 85C Model Hold 'can_clk:can_clk_instance|can_clk_o_reg'
Slack : 0.435
TNS   : 0.000

Type  : Slow 1200mV 85C Model Hold 'clk_i'
Slack : 0.453
TNS   : 0.000

Type  : Slow 1200mV 85C Model Recovery 'can_clk:can_clk_instance|can_clk_o_reg'
Slack : -1.213
TNS   : -17.250

Type  : Slow 1200mV 85C Model Removal 'can_clk:can_clk_instance|can_clk_o_reg'
Slack : 1.519
TNS   : 0.000

Type  : Slow 1200mV 85C Model Minimum Pulse Width 'clk_i'
Slack : -3.000
TNS   : -28.279

Type  : Slow 1200mV 85C Model Minimum Pulse Width 'can_clk:can_clk_instance|can_clk_o_reg'
Slack : -1.487
TNS   : -108.551

Type  : Slow 1200mV 0C Model Setup 'can_clk:can_clk_instance|can_clk_o_reg'
Slack : -5.269
TNS   : -273.016

Type  : Slow 1200mV 0C Model Setup 'clk_i'
Slack : -2.674
TNS   : -18.774

Type  : Slow 1200mV 0C Model Hold 'can_clk:can_clk_instance|can_clk_o_reg'
Slack : 0.387
TNS   : 0.000

Type  : Slow 1200mV 0C Model Hold 'clk_i'
Slack : 0.402
TNS   : 0.000

Type  : Slow 1200mV 0C Model Recovery 'can_clk:can_clk_instance|can_clk_o_reg'
Slack : -1.038
TNS   : -14.520

Type  : Slow 1200mV 0C Model Removal 'can_clk:can_clk_instance|can_clk_o_reg'
Slack : 1.396
TNS   : 0.000

Type  : Slow 1200mV 0C Model Minimum Pulse Width 'clk_i'
Slack : -3.000
TNS   : -28.279

Type  : Slow 1200mV 0C Model Minimum Pulse Width 'can_clk:can_clk_instance|can_clk_o_reg'
Slack : -1.487
TNS   : -108.551

Type  : Fast 1200mV 0C Model Setup 'can_clk:can_clk_instance|can_clk_o_reg'
Slack : -1.907
TNS   : -87.367

Type  : Fast 1200mV 0C Model Setup 'clk_i'
Slack : -0.725
TNS   : -2.545

Type  : Fast 1200mV 0C Model Hold 'can_clk:can_clk_instance|can_clk_o_reg'
Slack : 0.176
TNS   : 0.000

Type  : Fast 1200mV 0C Model Hold 'clk_i'
Slack : 0.186
TNS   : 0.000

Type  : Fast 1200mV 0C Model Recovery 'can_clk:can_clk_instance|can_clk_o_reg'
Slack : 0.009
TNS   : 0.000

Type  : Fast 1200mV 0C Model Removal 'can_clk:can_clk_instance|can_clk_o_reg'
Slack : 0.643
TNS   : 0.000

Type  : Fast 1200mV 0C Model Minimum Pulse Width 'clk_i'
Slack : -3.000
TNS   : -25.100

Type  : Fast 1200mV 0C Model Minimum Pulse Width 'can_clk:can_clk_instance|can_clk_o_reg'
Slack : -1.000
TNS   : -73.000

------------------------------------------------------------
