Analysis & Synthesis report for CAN
Wed Oct 07 19:41:42 2020
Quartus Prime Version 20.1.0 Build 711 06/05/2020 SJ Lite Edition


---------------------
; Table of Contents ;
---------------------
  1. Legal Notice
  2. Analysis & Synthesis Summary
  3. Analysis & Synthesis Settings
  4. Parallel Compilation
  5. Analysis & Synthesis Source Files Read
  6. Analysis & Synthesis Resource Usage Summary
  7. Analysis & Synthesis Resource Utilization by Entity
  8. State Machine - |can_top|NEXT_TX_STATE
  9. State Machine - |can_top|TX_STATE
 10. State Machine - |can_top|CAN_STATE
 11. Registers Removed During Synthesis
 12. General Register Statistics
 13. Inverted Register Statistics
 14. Multiplexer Restructuring Statistics (Restructuring Performed)
 15. Parameter Settings for User Entity Instance: baud_rate:baud_rate_gen
 16. Post-Synthesis Netlist Statistics for Top Partition
 17. Elapsed Time Per Partition
 18. Analysis & Synthesis Messages
 19. Analysis & Synthesis Suppressed Messages



----------------
; Legal Notice ;
----------------
Copyright (C) 2020  Intel Corporation. All rights reserved.
Your use of Intel Corporation's design tools, logic functions 
and other software and tools, and any partner logic 
functions, and any output files from any of the foregoing 
(including device programming or simulation files), and any 
associated documentation or information are expressly subject 
to the terms and conditions of the Intel Program License 
Subscription Agreement, the Intel Quartus Prime License Agreement,
the Intel FPGA IP License Agreement, or other applicable license
agreement, including, without limitation, that your use is for
the sole purpose of programming logic devices manufactured by
Intel and sold by Intel or its authorized distributors.  Please
refer to the applicable agreement for further details, at
https://fpgasoftware.intel.com/eula.



+----------------------------------------------------------------------------------+
; Analysis & Synthesis Summary                                                     ;
+------------------------------------+---------------------------------------------+
; Analysis & Synthesis Status        ; Successful - Wed Oct 07 19:41:42 2020       ;
; Quartus Prime Version              ; 20.1.0 Build 711 06/05/2020 SJ Lite Edition ;
; Revision Name                      ; CAN                                         ;
; Top-level Entity Name              ; can_top                                     ;
; Family                             ; Cyclone IV E                                ;
; Total logic elements               ; 211                                         ;
;     Total combinational functions  ; 197                                         ;
;     Dedicated logic registers      ; 83                                          ;
; Total registers                    ; 83                                          ;
; Total pins                         ; 123                                         ;
; Total virtual pins                 ; 0                                           ;
; Total memory bits                  ; 0                                           ;
; Embedded Multiplier 9-bit elements ; 0                                           ;
; Total PLLs                         ; 0                                           ;
+------------------------------------+---------------------------------------------+


+------------------------------------------------------------------------------------------------------------+
; Analysis & Synthesis Settings                                                                              ;
+------------------------------------------------------------------+--------------------+--------------------+
; Option                                                           ; Setting            ; Default Value      ;
+------------------------------------------------------------------+--------------------+--------------------+
; Device                                                           ; EP4CE6E22C8        ;                    ;
; Top-level entity name                                            ; can_top            ; CAN                ;
; Family name                                                      ; Cyclone IV E       ; Cyclone V          ;
; Use smart compilation                                            ; Off                ; Off                ;
; Enable parallel Assembler and Timing Analyzer during compilation ; On                 ; On                 ;
; Enable compact report table                                      ; Off                ; Off                ;
; Restructure Multiplexers                                         ; Auto               ; Auto               ;
; Create Debugging Nodes for IP Cores                              ; Off                ; Off                ;
; Preserve fewer node names                                        ; On                 ; On                 ;
; Intel FPGA IP Evaluation Mode                                    ; Enable             ; Enable             ;
; Verilog Version                                                  ; Verilog_2001       ; Verilog_2001       ;
; VHDL Version                                                     ; VHDL_1993          ; VHDL_1993          ;
; State Machine Processing                                         ; Auto               ; Auto               ;
; Safe State Machine                                               ; Off                ; Off                ;
; Extract Verilog State Machines                                   ; On                 ; On                 ;
; Extract VHDL State Machines                                      ; On                 ; On                 ;
; Ignore Verilog initial constructs                                ; Off                ; Off                ;
; Iteration limit for constant Verilog loops                       ; 5000               ; 5000               ;
; Iteration limit for non-constant Verilog loops                   ; 250                ; 250                ;
; Add Pass-Through Logic to Inferred RAMs                          ; On                 ; On                 ;
; Infer RAMs from Raw Logic                                        ; On                 ; On                 ;
; Parallel Synthesis                                               ; On                 ; On                 ;
; DSP Block Balancing                                              ; Auto               ; Auto               ;
; NOT Gate Push-Back                                               ; On                 ; On                 ;
; Power-Up Don't Care                                              ; On                 ; On                 ;
; Remove Redundant Logic Cells                                     ; Off                ; Off                ;
; Remove Duplicate Registers                                       ; On                 ; On                 ;
; Ignore CARRY Buffers                                             ; Off                ; Off                ;
; Ignore CASCADE Buffers                                           ; Off                ; Off                ;
; Ignore GLOBAL Buffers                                            ; Off                ; Off                ;
; Ignore ROW GLOBAL Buffers                                        ; Off                ; Off                ;
; Ignore LCELL Buffers                                             ; Off                ; Off                ;
; Ignore SOFT Buffers                                              ; On                 ; On                 ;
; Limit AHDL Integers to 32 Bits                                   ; Off                ; Off                ;
; Optimization Technique                                           ; Balanced           ; Balanced           ;
; Carry Chain Length                                               ; 70                 ; 70                 ;
; Auto Carry Chains                                                ; On                 ; On                 ;
; Auto Open-Drain Pins                                             ; On                 ; On                 ;
; Perform WYSIWYG Primitive Resynthesis                            ; Off                ; Off                ;
; Auto ROM Replacement                                             ; On                 ; On                 ;
; Auto RAM Replacement                                             ; On                 ; On                 ;
; Auto DSP Block Replacement                                       ; On                 ; On                 ;
; Auto Shift Register Replacement                                  ; Auto               ; Auto               ;
; Allow Shift Register Merging across Hierarchies                  ; Auto               ; Auto               ;
; Auto Clock Enable Replacement                                    ; On                 ; On                 ;
; Strict RAM Replacement                                           ; Off                ; Off                ;
; Allow Synchronous Control Signals                                ; On                 ; On                 ;
; Force Use of Synchronous Clear Signals                           ; Off                ; Off                ;
; Auto RAM Block Balancing                                         ; On                 ; On                 ;
; Auto RAM to Logic Cell Conversion                                ; Off                ; Off                ;
; Auto Resource Sharing                                            ; Off                ; Off                ;
; Allow Any RAM Size For Recognition                               ; Off                ; Off                ;
; Allow Any ROM Size For Recognition                               ; Off                ; Off                ;
; Allow Any Shift Register Size For Recognition                    ; Off                ; Off                ;
; Use LogicLock Constraints during Resource Balancing              ; On                 ; On                 ;
; Ignore translate_off and synthesis_off directives                ; Off                ; Off                ;
; Timing-Driven Synthesis                                          ; On                 ; On                 ;
; Report Parameter Settings                                        ; On                 ; On                 ;
; Report Source Assignments                                        ; On                 ; On                 ;
; Report Connectivity Checks                                       ; On                 ; On                 ;
; Ignore Maximum Fan-Out Assignments                               ; Off                ; Off                ;
; Synchronization Register Chain Length                            ; 2                  ; 2                  ;
; Power Optimization During Synthesis                              ; Normal compilation ; Normal compilation ;
; HDL message level                                                ; Level2             ; Level2             ;
; Suppress Register Optimization Related Messages                  ; Off                ; Off                ;
; Number of Removed Registers Reported in Synthesis Report         ; 5000               ; 5000               ;
; Number of Swept Nodes Reported in Synthesis Report               ; 5000               ; 5000               ;
; Number of Inverted Registers Reported in Synthesis Report        ; 100                ; 100                ;
; Clock MUX Protection                                             ; On                 ; On                 ;
; Auto Gated Clock Conversion                                      ; Off                ; Off                ;
; Block Design Naming                                              ; Auto               ; Auto               ;
; SDC constraint protection                                        ; Off                ; Off                ;
; Synthesis Effort                                                 ; Auto               ; Auto               ;
; Shift Register Replacement - Allow Asynchronous Clear Signal     ; On                 ; On                 ;
; Pre-Mapping Resynthesis Optimization                             ; Off                ; Off                ;
; Analysis & Synthesis Message Level                               ; Medium             ; Medium             ;
; Disable Register Merging Across Hierarchies                      ; Auto               ; Auto               ;
; Resource Aware Inference For Block RAM                           ; On                 ; On                 ;
+------------------------------------------------------------------+--------------------+--------------------+


+------------------------------------------+
; Parallel Compilation                     ;
+----------------------------+-------------+
; Processors                 ; Number      ;
+----------------------------+-------------+
; Number detected on machine ; 4           ;
; Maximum allowed            ; 4           ;
;                            ;             ;
; Average used               ; 1.00        ;
; Maximum used               ; 4           ;
;                            ;             ;
; Usage by Processor         ; % Time Used ;
;     Processor 1            ; 100.0%      ;
;     Processor 2            ;   0.0%      ;
;     Processors 3-4         ;   0.0%      ;
+----------------------------+-------------+


+-------------------------------------------------------------------------------------------------------------------------+
; Analysis & Synthesis Source Files Read                                                                                  ;
+----------------------------------+-----------------+------------------------+---------------------------------+---------+
; File Name with User-Entered Path ; Used in Netlist ; File Type              ; File Name with Absolute Path    ; Library ;
+----------------------------------+-----------------+------------------------+---------------------------------+---------+
; can_top.v                        ; yes             ; User Verilog HDL File  ; C:/hdl_projects/CAN/can_top.v   ;         ;
; baud_rate.v                      ; yes             ; User Verilog HDL File  ; C:/hdl_projects/CAN/baud_rate.v ;         ;
+----------------------------------+-----------------+------------------------+---------------------------------+---------+


+-----------------------------------------------------------+
; Analysis & Synthesis Resource Usage Summary               ;
+---------------------------------------------+-------------+
; Resource                                    ; Usage       ;
+---------------------------------------------+-------------+
; Estimated Total logic elements              ; 211         ;
;                                             ;             ;
; Total combinational functions               ; 197         ;
; Logic element usage by number of LUT inputs ;             ;
;     -- 4 input functions                    ; 126         ;
;     -- 3 input functions                    ; 27          ;
;     -- <=2 input functions                  ; 44          ;
;                                             ;             ;
; Logic elements by mode                      ;             ;
;     -- normal mode                          ; 175         ;
;     -- arithmetic mode                      ; 22          ;
;                                             ;             ;
; Total registers                             ; 83          ;
;     -- Dedicated logic registers            ; 83          ;
;     -- I/O registers                        ; 0           ;
;                                             ;             ;
; I/O pins                                    ; 123         ;
;                                             ;             ;
; Embedded Multiplier 9-bit elements          ; 0           ;
;                                             ;             ;
; Maximum fan-out node                        ; rst_i~input ;
; Maximum fan-out                             ; 74          ;
; Total fan-out                               ; 1142        ;
; Average fan-out                             ; 2.17        ;
+---------------------------------------------+-------------+


+-------------------------------------------------------------------------------------------------------------------------------------------------------------------------------------------------------------------------+
; Analysis & Synthesis Resource Utilization by Entity                                                                                                                                                                     ;
+------------------------------+---------------------+---------------------------+-------------+--------------+---------+-----------+------+--------------+----------------------------------+-------------+--------------+
; Compilation Hierarchy Node   ; Combinational ALUTs ; Dedicated Logic Registers ; Memory Bits ; DSP Elements ; DSP 9x9 ; DSP 18x18 ; Pins ; Virtual Pins ; Full Hierarchy Name              ; Entity Name ; Library Name ;
+------------------------------+---------------------+---------------------------+-------------+--------------+---------+-----------+------+--------------+----------------------------------+-------------+--------------+
; |can_top                     ; 197 (181)           ; 83 (72)                   ; 0           ; 0            ; 0       ; 0         ; 123  ; 0            ; |can_top                         ; can_top     ; work         ;
;    |baud_rate:baud_rate_gen| ; 16 (16)             ; 11 (11)                   ; 0           ; 0            ; 0       ; 0         ; 0    ; 0            ; |can_top|baud_rate:baud_rate_gen ; baud_rate   ; work         ;
+------------------------------+---------------------+---------------------------+-------------+--------------+---------+-----------+------+--------------+----------------------------------+-------------+--------------+
Note: For table entries with two numbers listed, the numbers in parentheses indicate the number of resources of the given type used by the specific entity alone. The numbers listed outside of parentheses indicate the total resources of the given type used by the specific entity and all of its sub-entities in the hierarchy.


Encoding Type:  One-Hot
+-----------------------------------------------------------------------------------------------------------------------------------------------------------------------------------------------------------------------------------------------------------------------------------------------------------------------------------------------------------------------------------------------------------------------------------------------------------------------------+
; State Machine - |can_top|NEXT_TX_STATE                                                                                                                                                                                                                                                                                                                                                                                                                                      ;
+------------------------------------+-----------------------+----------------------+--------------------------------+-------------------------------+------------------------------------+--------------------------------+---------------------------------+--------------------------------+-------------------------------+----------------------+---------------------------+----------------------+----------------------+----------------------+-----------------------+
; Name                               ; NEXT_TX_STATE.TX_DATA ; NEXT_TX_STATE.TX_DLC ; NEXT_TX_STATE.TX_CMD_DATA_SIGN ; NEXT_TX_STATE.TX_EXPAND_COUNT ; NEXT_TX_STATE.TX_ATRIBUTE_RESERVED ; NEXT_TX_STATE.TX_HANDSHAKING_P ; NEXT_TX_STATE.TX_ADDRESS_REMOTE ; NEXT_TX_STATE.TX_ADDRESS_LOCAL ; NEXT_TX_STATE.TX_MESSAGE_TYPE ; NEXT_TX_STATE.TX_CRC ; NEXT_TX_STATE.TX_RESERVED ; NEXT_TX_STATE.TX_RTR ; NEXT_TX_STATE.TX_IDE ; NEXT_TX_STATE.TX_SRR ; NEXT_TX_STATE.TX_IDLE ;
+------------------------------------+-----------------------+----------------------+--------------------------------+-------------------------------+------------------------------------+--------------------------------+---------------------------------+--------------------------------+-------------------------------+----------------------+---------------------------+----------------------+----------------------+----------------------+-----------------------+
; NEXT_TX_STATE.TX_IDLE              ; 0                     ; 0                    ; 0                              ; 0                             ; 0                                  ; 0                              ; 0                               ; 0                              ; 0                             ; 0                    ; 0                         ; 0                    ; 0                    ; 0                    ; 0                     ;
; NEXT_TX_STATE.TX_SRR               ; 0                     ; 0                    ; 0                              ; 0                             ; 0                                  ; 0                              ; 0                               ; 0                              ; 0                             ; 0                    ; 0                         ; 0                    ; 0                    ; 1                    ; 1                     ;
; NEXT_TX_STATE.TX_IDE               ; 0                     ; 0                    ; 0                              ; 0                             ; 0                                  ; 0                              ; 0                               ; 0                              ; 0                             ; 0                    ; 0                         ; 0                    ; 1                    ; 0                    ; 1                     ;
; NEXT_TX_STATE.TX_RTR               ; 0                     ; 0                    ; 0                              ; 0                             ; 0                                  ; 0                              ; 0                               ; 0                              ; 0                             ; 0                    ; 0                         ; 1                    ; 0                    ; 0                    ; 1                     ;
; NEXT_TX_STATE.TX_RESERVED          ; 0                     ; 0                    ; 0                              ; 0                             ; 0                                  ; 0                              ; 0                               ; 0                              ; 0                             ; 0                    ; 1                         ; 0                    ; 0                    ; 0                    ; 1                     ;
; NEXT_TX_STATE.TX_CRC               ; 0                     ; 0                    ; 0                              ; 0                             ; 0                                  ; 0                              ; 0                               ; 0                              ; 0                             ; 1                    ; 0                         ; 0                    ; 0                    ; 0                    ; 1                     ;
; NEXT_TX_STATE.TX_MESSAGE_TYPE      ; 0                     ; 0                    ; 0                              ; 0                             ; 0                                  ; 0                              ; 0                               ; 0                              ; 1                             ; 0                    ; 0                         ; 0                    ; 0                    ; 0                    ; 1                     ;
; NEXT_TX_STATE.TX_ADDRESS_LOCAL     ; 0                     ; 0                    ; 0                              ; 0                             ; 0                                  ; 0                              ; 0                               ; 1                              ; 0                             ; 0                    ; 0                         ; 0                    ; 0                    ; 0                    ; 1                     ;
; NEXT_TX_STATE.TX_ADDRESS_REMOTE    ; 0                     ; 0                    ; 0                              ; 0                             ; 0                                  ; 0                              ; 1                               ; 0                              ; 0                             ; 0                    ; 0                         ; 0                    ; 0                    ; 0                    ; 1                     ;
; NEXT_TX_STATE.TX_HANDSHAKING_P     ; 0                     ; 0                    ; 0                              ; 0                             ; 0                                  ; 1                              ; 0                               ; 0                              ; 0                             ; 0                    ; 0                         ; 0                    ; 0                    ; 0                    ; 1                     ;
; NEXT_TX_STATE.TX_ATRIBUTE_RESERVED ; 0                     ; 0                    ; 0                              ; 0                             ; 1                                  ; 0                              ; 0                               ; 0                              ; 0                             ; 0                    ; 0                         ; 0                    ; 0                    ; 0                    ; 1                     ;
; NEXT_TX_STATE.TX_EXPAND_COUNT      ; 0                     ; 0                    ; 0                              ; 1                             ; 0                                  ; 0                              ; 0                               ; 0                              ; 0                             ; 0                    ; 0                         ; 0                    ; 0                    ; 0                    ; 1                     ;
; NEXT_TX_STATE.TX_CMD_DATA_SIGN     ; 0                     ; 0                    ; 1                              ; 0                             ; 0                                  ; 0                              ; 0                               ; 0                              ; 0                             ; 0                    ; 0                         ; 0                    ; 0                    ; 0                    ; 1                     ;
; NEXT_TX_STATE.TX_DLC               ; 0                     ; 1                    ; 0                              ; 0                             ; 0                                  ; 0                              ; 0                               ; 0                              ; 0                             ; 0                    ; 0                         ; 0                    ; 0                    ; 0                    ; 1                     ;
; NEXT_TX_STATE.TX_DATA              ; 1                     ; 0                    ; 0                              ; 0                             ; 0                                  ; 0                              ; 0                               ; 0                              ; 0                             ; 0                    ; 0                         ; 0                    ; 0                    ; 0                    ; 1                     ;
+------------------------------------+-----------------------+----------------------+--------------------------------+-------------------------------+------------------------------------+--------------------------------+---------------------------------+--------------------------------+-------------------------------+----------------------+---------------------------+----------------------+----------------------+----------------------+-----------------------+


Encoding Type:  One-Hot
+------------------------------------------------------------------------------------------------------------------------------------------------------------------------------------------------------------------------------------------------------------------------------------------------------------------------------------------------------------------------------------------------------------------------------------------------------------------------------------------------------------------------------------------------------------+
; State Machine - |can_top|TX_STATE                                                                                                                                                                                                                                                                                                                                                                                                                                                                                                                          ;
+-------------------------------+------------------+-----------------+---------------------------+--------------------------+-------------------------------+---------------------------+----------------------------+---------------------------+--------------------------+--------------------------+---------------------------+----------------------+---------------------------+-----------------+----------------------+-----------------+-----------------+-----------------+----------------------------+-----------------------+------------------+
; Name                          ; TX_STATE.TX_DATA ; TX_STATE.TX_DLC ; TX_STATE.TX_CMD_DATA_SIGN ; TX_STATE.TX_EXPAND_COUNT ; TX_STATE.TX_ATRIBUTE_RESERVED ; TX_STATE.TX_HANDSHAKING_P ; TX_STATE.TX_ADDRESS_REMOTE ; TX_STATE.TX_ADDRESS_LOCAL ; TX_STATE.TX_MESSAGE_TYPE ; TX_STATE.TX_END_OF_FRAME ; TX_STATE.TX_ACK_DELIMITER ; TX_STATE.TX_ACK_SLOT ; TX_STATE.TX_CRC_DELIMITER ; TX_STATE.TX_CRC ; TX_STATE.TX_RESERVED ; TX_STATE.TX_RTR ; TX_STATE.TX_IDE ; TX_STATE.TX_SRR ; TX_STATE.TX_START_OF_FRAME ; TX_STATE.TX_BIT_STUFF ; TX_STATE.TX_IDLE ;
+-------------------------------+------------------+-----------------+---------------------------+--------------------------+-------------------------------+---------------------------+----------------------------+---------------------------+--------------------------+--------------------------+---------------------------+----------------------+---------------------------+-----------------+----------------------+-----------------+-----------------+-----------------+----------------------------+-----------------------+------------------+
; TX_STATE.TX_IDLE              ; 0                ; 0               ; 0                         ; 0                        ; 0                             ; 0                         ; 0                          ; 0                         ; 0                        ; 0                        ; 0                         ; 0                    ; 0                         ; 0               ; 0                    ; 0               ; 0               ; 0               ; 0                          ; 0                     ; 0                ;
; TX_STATE.TX_BIT_STUFF         ; 0                ; 0               ; 0                         ; 0                        ; 0                             ; 0                         ; 0                          ; 0                         ; 0                        ; 0                        ; 0                         ; 0                    ; 0                         ; 0               ; 0                    ; 0               ; 0               ; 0               ; 0                          ; 1                     ; 1                ;
; TX_STATE.TX_START_OF_FRAME    ; 0                ; 0               ; 0                         ; 0                        ; 0                             ; 0                         ; 0                          ; 0                         ; 0                        ; 0                        ; 0                         ; 0                    ; 0                         ; 0               ; 0                    ; 0               ; 0               ; 0               ; 1                          ; 0                     ; 1                ;
; TX_STATE.TX_SRR               ; 0                ; 0               ; 0                         ; 0                        ; 0                             ; 0                         ; 0                          ; 0                         ; 0                        ; 0                        ; 0                         ; 0                    ; 0                         ; 0               ; 0                    ; 0               ; 0               ; 1               ; 0                          ; 0                     ; 1                ;
; TX_STATE.TX_IDE               ; 0                ; 0               ; 0                         ; 0                        ; 0                             ; 0                         ; 0                          ; 0                         ; 0                        ; 0                        ; 0                         ; 0                    ; 0                         ; 0               ; 0                    ; 0               ; 1               ; 0               ; 0                          ; 0                     ; 1                ;
; TX_STATE.TX_RTR               ; 0                ; 0               ; 0                         ; 0                        ; 0                             ; 0                         ; 0                          ; 0                         ; 0                        ; 0                        ; 0                         ; 0                    ; 0                         ; 0               ; 0                    ; 1               ; 0               ; 0               ; 0                          ; 0                     ; 1                ;
; TX_STATE.TX_RESERVED          ; 0                ; 0               ; 0                         ; 0                        ; 0                             ; 0                         ; 0                          ; 0                         ; 0                        ; 0                        ; 0                         ; 0                    ; 0                         ; 0               ; 1                    ; 0               ; 0               ; 0               ; 0                          ; 0                     ; 1                ;
; TX_STATE.TX_CRC               ; 0                ; 0               ; 0                         ; 0                        ; 0                             ; 0                         ; 0                          ; 0                         ; 0                        ; 0                        ; 0                         ; 0                    ; 0                         ; 1               ; 0                    ; 0               ; 0               ; 0               ; 0                          ; 0                     ; 1                ;
; TX_STATE.TX_CRC_DELIMITER     ; 0                ; 0               ; 0                         ; 0                        ; 0                             ; 0                         ; 0                          ; 0                         ; 0                        ; 0                        ; 0                         ; 0                    ; 1                         ; 0               ; 0                    ; 0               ; 0               ; 0               ; 0                          ; 0                     ; 1                ;
; TX_STATE.TX_ACK_SLOT          ; 0                ; 0               ; 0                         ; 0                        ; 0                             ; 0                         ; 0                          ; 0                         ; 0                        ; 0                        ; 0                         ; 1                    ; 0                         ; 0               ; 0                    ; 0               ; 0               ; 0               ; 0                          ; 0                     ; 1                ;
; TX_STATE.TX_ACK_DELIMITER     ; 0                ; 0               ; 0                         ; 0                        ; 0                             ; 0                         ; 0                          ; 0                         ; 0                        ; 0                        ; 1                         ; 0                    ; 0                         ; 0               ; 0                    ; 0               ; 0               ; 0               ; 0                          ; 0                     ; 1                ;
; TX_STATE.TX_END_OF_FRAME      ; 0                ; 0               ; 0                         ; 0                        ; 0                             ; 0                         ; 0                          ; 0                         ; 0                        ; 1                        ; 0                         ; 0                    ; 0                         ; 0               ; 0                    ; 0               ; 0               ; 0               ; 0                          ; 0                     ; 1                ;
; TX_STATE.TX_MESSAGE_TYPE      ; 0                ; 0               ; 0                         ; 0                        ; 0                             ; 0                         ; 0                          ; 0                         ; 1                        ; 0                        ; 0                         ; 0                    ; 0                         ; 0               ; 0                    ; 0               ; 0               ; 0               ; 0                          ; 0                     ; 1                ;
; TX_STATE.TX_ADDRESS_LOCAL     ; 0                ; 0               ; 0                         ; 0                        ; 0                             ; 0                         ; 0                          ; 1                         ; 0                        ; 0                        ; 0                         ; 0                    ; 0                         ; 0               ; 0                    ; 0               ; 0               ; 0               ; 0                          ; 0                     ; 1                ;
; TX_STATE.TX_ADDRESS_REMOTE    ; 0                ; 0               ; 0                         ; 0                        ; 0                             ; 0                         ; 1                          ; 0                         ; 0                        ; 0                        ; 0                         ; 0                    ; 0                         ; 0               ; 0                    ; 0               ; 0               ; 0               ; 0                          ; 0                     ; 1                ;
; TX_STATE.TX_HANDSHAKING_P     ; 0                ; 0               ; 0                         ; 0                        ; 0                             ; 1                         ; 0                          ; 0                         ; 0                        ; 0                        ; 0                         ; 0                    ; 0                         ; 0               ; 0                    ; 0               ; 0               ; 0               ; 0                          ; 0                     ; 1                ;
; TX_STATE.TX_ATRIBUTE_RESERVED ; 0                ; 0               ; 0                         ; 0                        ; 1                             ; 0                         ; 0                          ; 0                         ; 0                        ; 0                        ; 0                         ; 0                    ; 0                         ; 0               ; 0                    ; 0               ; 0               ; 0               ; 0                          ; 0                     ; 1                ;
; TX_STATE.TX_EXPAND_COUNT      ; 0                ; 0               ; 0                         ; 1                        ; 0                             ; 0                         ; 0                          ; 0                         ; 0                        ; 0                        ; 0                         ; 0                    ; 0                         ; 0               ; 0                    ; 0               ; 0               ; 0               ; 0                          ; 0                     ; 1                ;
; TX_STATE.TX_CMD_DATA_SIGN     ; 0                ; 0               ; 1                         ; 0                        ; 0                             ; 0                         ; 0                          ; 0                         ; 0                        ; 0                        ; 0                         ; 0                    ; 0                         ; 0               ; 0                    ; 0               ; 0               ; 0               ; 0                          ; 0                     ; 1                ;
; TX_STATE.TX_DLC               ; 0                ; 1               ; 0                         ; 0                        ; 0                             ; 0                         ; 0                          ; 0                         ; 0                        ; 0                        ; 0                         ; 0                    ; 0                         ; 0               ; 0                    ; 0               ; 0               ; 0               ; 0                          ; 0                     ; 1                ;
; TX_STATE.TX_DATA              ; 1                ; 0               ; 0                         ; 0                        ; 0                             ; 0                         ; 0                          ; 0                         ; 0                        ; 0                        ; 0                         ; 0                    ; 0                         ; 0               ; 0                    ; 0               ; 0               ; 0               ; 0                          ; 0                     ; 1                ;
+-------------------------------+------------------+-----------------+---------------------------+--------------------------+-------------------------------+---------------------------+----------------------------+---------------------------+--------------------------+--------------------------+---------------------------+----------------------+---------------------------+-----------------+----------------------+-----------------+-----------------+-----------------+----------------------------+-----------------------+------------------+


Encoding Type:  One-Hot
+-------------------------------------------------------------------------------+
; State Machine - |can_top|CAN_STATE                                            ;
+--------------------+--------------------+------------------+------------------+
; Name               ; CAN_STATE.CAN_IDLE ; CAN_STATE.CAN_TX ; CAN_STATE.CAN_RX ;
+--------------------+--------------------+------------------+------------------+
; CAN_STATE.CAN_IDLE ; 0                  ; 0                ; 0                ;
; CAN_STATE.CAN_RX   ; 1                  ; 0                ; 1                ;
; CAN_STATE.CAN_TX   ; 1                  ; 1                ; 0                ;
+--------------------+--------------------+------------------+------------------+


+---------------------------------------------------------------------------------+
; Registers Removed During Synthesis                                              ;
+----------------------------------------+----------------------------------------+
; Register name                          ; Reason for Removal                     ;
+----------------------------------------+----------------------------------------+
; CAN_STATE.CAN_IDLE                     ; Lost fanout                            ;
; NEXT_TX_STATE~19                       ; Lost fanout                            ;
; NEXT_TX_STATE~20                       ; Lost fanout                            ;
; NEXT_TX_STATE~21                       ; Lost fanout                            ;
; NEXT_TX_STATE~22                       ; Lost fanout                            ;
; NEXT_TX_STATE~23                       ; Lost fanout                            ;
; NEXT_TX_STATE~25                       ; Lost fanout                            ;
; NEXT_TX_STATE~26                       ; Lost fanout                            ;
; TX_STATE~5                             ; Lost fanout                            ;
; TX_STATE~6                             ; Lost fanout                            ;
; TX_STATE~7                             ; Lost fanout                            ;
; TX_STATE~8                             ; Lost fanout                            ;
; TX_STATE~9                             ; Lost fanout                            ;
; TX_STATE~10                            ; Lost fanout                            ;
; TX_STATE~11                            ; Lost fanout                            ;
; TX_STATE~12                            ; Lost fanout                            ;
; CAN_STATE~7                            ; Lost fanout                            ;
; CAN_STATE~8                            ; Lost fanout                            ;
; CAN_STATE.CAN_RX                       ; Stuck at GND due to stuck port data_in ;
; Total Number of Removed Registers = 19 ;                                        ;
+----------------------------------------+----------------------------------------+


+------------------------------------------------------+
; General Register Statistics                          ;
+----------------------------------------------+-------+
; Statistic                                    ; Value ;
+----------------------------------------------+-------+
; Total registers                              ; 83    ;
; Number of registers using Synchronous Clear  ; 25    ;
; Number of registers using Synchronous Load   ; 0     ;
; Number of registers using Asynchronous Clear ; 72    ;
; Number of registers using Asynchronous Load  ; 0     ;
; Number of registers using Clock Enable       ; 67    ;
; Number of registers using Preset             ; 0     ;
+----------------------------------------------+-------+


+--------------------------------------------------+
; Inverted Register Statistics                     ;
+----------------------------------------+---------+
; Inverted Register                      ; Fan out ;
+----------------------------------------+---------+
; bit_pol_count[0]                       ; 5       ;
; Total number of inverted registers = 1 ;         ;
+----------------------------------------+---------+


+---------------------------------------------------------------------------------------------------------------------------------------------------------+
; Multiplexer Restructuring Statistics (Restructuring Performed)                                                                                          ;
+--------------------+-----------+---------------+----------------------+------------------------+------------+-------------------------------------------+
; Multiplexer Inputs ; Bus Width ; Baseline Area ; Area if Restructured ; Saving if Restructured ; Registered ; Example Multiplexer Output                ;
+--------------------+-----------+---------------+----------------------+------------------------+------------+-------------------------------------------+
; 3:1                ; 2 bits    ; 4 LEs         ; 4 LEs                ; 0 LEs                  ; Yes        ; |can_top|bit_pol_count[2]                 ;
; 3:1                ; 10 bits   ; 20 LEs        ; 10 LEs               ; 10 LEs                 ; Yes        ; |can_top|baud_rate:baud_rate_gen|count[9] ;
; 16:1               ; 7 bits    ; 70 LEs        ; 7 LEs                ; 63 LEs                 ; Yes        ; |can_top|count[0]                         ;
; 14:1               ; 4 bits    ; 36 LEs        ; 12 LEs               ; 24 LEs                 ; No         ; |can_top|NEXT_TX_STATE                    ;
; 18:1               ; 2 bits    ; 24 LEs        ; 6 LEs                ; 18 LEs                 ; No         ; |can_top|TX_STATE                         ;
; 19:1               ; 4 bits    ; 48 LEs        ; 20 LEs               ; 28 LEs                 ; No         ; |can_top|TX_STATE                         ;
+--------------------+-----------+---------------+----------------------+------------------------+------------+-------------------------------------------+


+----------------------------------------------------------------------+
; Parameter Settings for User Entity Instance: baud_rate:baud_rate_gen ;
+----------------+----------+------------------------------------------+
; Parameter Name ; Value    ; Type                                     ;
+----------------+----------+------------------------------------------+
; FREQ_I         ; 50000000 ; Signed Integer                           ;
; FREQ_O         ; 1000000  ; Signed Integer                           ;
; END_COUNT      ; 4        ; Signed Integer                           ;
+----------------+----------+------------------------------------------+
Note: In order to hide this table in the UI and the text report file, please set the "Show Parameter Settings in Synthesis Report" option in "Analysis and Synthesis Settings -> More Settings" to "Off".


+-----------------------------------------------------+
; Post-Synthesis Netlist Statistics for Top Partition ;
+-----------------------+-----------------------------+
; Type                  ; Count                       ;
+-----------------------+-----------------------------+
; boundary_port         ; 123                         ;
; cycloneiii_ff         ; 83                          ;
;     CLR               ; 5                           ;
;     ENA CLR           ; 52                          ;
;     ENA CLR SCLR      ; 15                          ;
;     SCLR              ; 10                          ;
;     plain             ; 1                           ;
; cycloneiii_lcell_comb ; 201                         ;
;     arith             ; 22                          ;
;         2 data inputs ; 22                          ;
;     normal            ; 179                         ;
;         0 data inputs ; 1                           ;
;         1 data inputs ; 7                           ;
;         2 data inputs ; 18                          ;
;         3 data inputs ; 27                          ;
;         4 data inputs ; 126                         ;
;                       ;                             ;
; Max LUT depth         ; 10.00                       ;
; Average LUT depth     ; 5.57                        ;
+-----------------------+-----------------------------+


+-------------------------------+
; Elapsed Time Per Partition    ;
+----------------+--------------+
; Partition Name ; Elapsed Time ;
+----------------+--------------+
; Top            ; 00:00:01     ;
+----------------+--------------+


+-------------------------------+
; Analysis & Synthesis Messages ;
+-------------------------------+
Info: *******************************************************************
Info: Running Quartus Prime Analysis & Synthesis
    Info: Version 20.1.0 Build 711 06/05/2020 SJ Lite Edition
    Info: Processing started: Wed Oct 07 19:41:34 2020
Info: Command: quartus_map --read_settings_files=on --write_settings_files=off CAN -c CAN
Warning (18236): Number of processors has not been specified which may cause overloading on shared machines.  Set the global assignment NUM_PARALLEL_PROCESSORS in your QSF to an appropriate value for best performance.
Info (20030): Parallel compilation is enabled and will use 4 of the 4 processors detected
Info (12021): Found 1 design units, including 1 entities, in source file can_top.v
    Info (12023): Found entity 1: can_top File: C:/hdl_projects/CAN/can_top.v Line: 1
Info (12021): Found 1 design units, including 1 entities, in source file baud_rate.v
    Info (12023): Found entity 1: baud_rate File: C:/hdl_projects/CAN/baud_rate.v Line: 1
Info (12127): Elaborating entity "can_top" for the top level hierarchy
Warning (10036): Verilog HDL or VHDL warning at can_top.v(399): object "atribute" assigned a value but never read File: C:/hdl_projects/CAN/can_top.v Line: 399
Warning (10036): Verilog HDL or VHDL warning at can_top.v(406): object "tx_reserved" assigned a value but never read File: C:/hdl_projects/CAN/can_top.v Line: 406
Warning (10230): Verilog HDL assignment warning at can_top.v(46): truncated value with size 4 to match size of target (3) File: C:/hdl_projects/CAN/can_top.v Line: 46
Warning (10034): Output port "data_o" at can_top.v(31) has no driver File: C:/hdl_projects/CAN/can_top.v Line: 31
Warning (10034): Output port "rx_busy" at can_top.v(9) has no driver File: C:/hdl_projects/CAN/can_top.v Line: 9
Warning (10034): Output port "tx_busy" at can_top.v(13) has no driver File: C:/hdl_projects/CAN/can_top.v Line: 13
Warning (10034): Output port "bit_stuffed" at can_top.v(39) has no driver File: C:/hdl_projects/CAN/can_top.v Line: 39
Info (12128): Elaborating entity "baud_rate" for hierarchy "baud_rate:baud_rate_gen" File: C:/hdl_projects/CAN/can_top.v Line: 437
Info (13000): Registers with preset signals will power-up high File: C:/hdl_projects/CAN/can_top.v Line: 139
Info (13003): DEV_CLRn pin will set, and not reset, register with preset signal due to NOT Gate Push-Back
Warning (13024): Output pins are stuck at VCC or GND
    Warning (13410): Pin "rx_busy" is stuck at GND File: C:/hdl_projects/CAN/can_top.v Line: 9
    Warning (13410): Pin "tx_busy" is stuck at GND File: C:/hdl_projects/CAN/can_top.v Line: 13
    Warning (13410): Pin "data_o[0]" is stuck at GND File: C:/hdl_projects/CAN/can_top.v Line: 31
    Warning (13410): Pin "data_o[1]" is stuck at GND File: C:/hdl_projects/CAN/can_top.v Line: 31
    Warning (13410): Pin "data_o[2]" is stuck at GND File: C:/hdl_projects/CAN/can_top.v Line: 31
    Warning (13410): Pin "data_o[3]" is stuck at GND File: C:/hdl_projects/CAN/can_top.v Line: 31
    Warning (13410): Pin "data_o[4]" is stuck at GND File: C:/hdl_projects/CAN/can_top.v Line: 31
    Warning (13410): Pin "data_o[5]" is stuck at GND File: C:/hdl_projects/CAN/can_top.v Line: 31
    Warning (13410): Pin "data_o[6]" is stuck at GND File: C:/hdl_projects/CAN/can_top.v Line: 31
    Warning (13410): Pin "data_o[7]" is stuck at GND File: C:/hdl_projects/CAN/can_top.v Line: 31
    Warning (13410): Pin "test_can_state[0]" is stuck at GND File: C:/hdl_projects/CAN/can_top.v Line: 35
    Warning (13410): Pin "test_can_state[2]" is stuck at GND File: C:/hdl_projects/CAN/can_top.v Line: 35
    Warning (13410): Pin "test_can_tx_state[6]" is stuck at GND File: C:/hdl_projects/CAN/can_top.v Line: 36
    Warning (13410): Pin "test_bit_pol_count[3]" is stuck at GND File: C:/hdl_projects/CAN/can_top.v Line: 38
    Warning (13410): Pin "bit_stuffed" is stuck at GND File: C:/hdl_projects/CAN/can_top.v Line: 39
Info (286030): Timing-Driven Synthesis is running
Info (17049): 18 registers lost all their fanouts during netlist optimizations.
Info (144001): Generated suppressed messages file C:/hdl_projects/CAN/output_files/CAN.map.smsg
Info (16010): Generating hard_block partition "hard_block:auto_generated_inst"
    Info (16011): Adding 0 node(s), including 0 DDIO, 0 PLL, 0 transceiver and 0 LCELL
Warning (21074): Design contains 84 input pin(s) that do not drive logic
    Warning (15610): No output dependent on input pin "rx_i" File: C:/hdl_projects/CAN/can_top.v Line: 8
    Warning (15610): No output dependent on input pin "command_or_data" File: C:/hdl_projects/CAN/can_top.v Line: 15
    Warning (15610): No output dependent on input pin "address_sender[0]" File: C:/hdl_projects/CAN/can_top.v Line: 21
    Warning (15610): No output dependent on input pin "address_sender[1]" File: C:/hdl_projects/CAN/can_top.v Line: 21
    Warning (15610): No output dependent on input pin "address_sender[2]" File: C:/hdl_projects/CAN/can_top.v Line: 21
    Warning (15610): No output dependent on input pin "address_sender[3]" File: C:/hdl_projects/CAN/can_top.v Line: 21
    Warning (15610): No output dependent on input pin "address_sender[4]" File: C:/hdl_projects/CAN/can_top.v Line: 21
    Warning (15610): No output dependent on input pin "address_sender[5]" File: C:/hdl_projects/CAN/can_top.v Line: 21
    Warning (15610): No output dependent on input pin "address_recipient[0]" File: C:/hdl_projects/CAN/can_top.v Line: 22
    Warning (15610): No output dependent on input pin "address_recipient[1]" File: C:/hdl_projects/CAN/can_top.v Line: 22
    Warning (15610): No output dependent on input pin "address_recipient[2]" File: C:/hdl_projects/CAN/can_top.v Line: 22
    Warning (15610): No output dependent on input pin "address_recipient[3]" File: C:/hdl_projects/CAN/can_top.v Line: 22
    Warning (15610): No output dependent on input pin "address_recipient[4]" File: C:/hdl_projects/CAN/can_top.v Line: 22
    Warning (15610): No output dependent on input pin "address_recipient[5]" File: C:/hdl_projects/CAN/can_top.v Line: 22
    Warning (15610): No output dependent on input pin "sign[0]" File: C:/hdl_projects/CAN/can_top.v Line: 23
    Warning (15610): No output dependent on input pin "sign[1]" File: C:/hdl_projects/CAN/can_top.v Line: 23
    Warning (15610): No output dependent on input pin "data_l_i[0]" File: C:/hdl_projects/CAN/can_top.v Line: 26
    Warning (15610): No output dependent on input pin "data_l_i[1]" File: C:/hdl_projects/CAN/can_top.v Line: 26
    Warning (15610): No output dependent on input pin "data_l_i[2]" File: C:/hdl_projects/CAN/can_top.v Line: 26
    Warning (15610): No output dependent on input pin "data_l_i[3]" File: C:/hdl_projects/CAN/can_top.v Line: 26
    Warning (15610): No output dependent on input pin "data_b_i[0]" File: C:/hdl_projects/CAN/can_top.v Line: 29
    Warning (15610): No output dependent on input pin "data_b_i[1]" File: C:/hdl_projects/CAN/can_top.v Line: 29
    Warning (15610): No output dependent on input pin "data_b_i[2]" File: C:/hdl_projects/CAN/can_top.v Line: 29
    Warning (15610): No output dependent on input pin "data_b_i[3]" File: C:/hdl_projects/CAN/can_top.v Line: 29
    Warning (15610): No output dependent on input pin "data_b_i[4]" File: C:/hdl_projects/CAN/can_top.v Line: 29
    Warning (15610): No output dependent on input pin "data_b_i[5]" File: C:/hdl_projects/CAN/can_top.v Line: 29
    Warning (15610): No output dependent on input pin "data_b_i[6]" File: C:/hdl_projects/CAN/can_top.v Line: 29
    Warning (15610): No output dependent on input pin "data_b_i[7]" File: C:/hdl_projects/CAN/can_top.v Line: 29
    Warning (15610): No output dependent on input pin "data_b_i[8]" File: C:/hdl_projects/CAN/can_top.v Line: 29
    Warning (15610): No output dependent on input pin "data_b_i[9]" File: C:/hdl_projects/CAN/can_top.v Line: 29
    Warning (15610): No output dependent on input pin "data_b_i[10]" File: C:/hdl_projects/CAN/can_top.v Line: 29
    Warning (15610): No output dependent on input pin "data_b_i[11]" File: C:/hdl_projects/CAN/can_top.v Line: 29
    Warning (15610): No output dependent on input pin "data_b_i[12]" File: C:/hdl_projects/CAN/can_top.v Line: 29
    Warning (15610): No output dependent on input pin "data_b_i[13]" File: C:/hdl_projects/CAN/can_top.v Line: 29
    Warning (15610): No output dependent on input pin "data_b_i[14]" File: C:/hdl_projects/CAN/can_top.v Line: 29
    Warning (15610): No output dependent on input pin "data_b_i[15]" File: C:/hdl_projects/CAN/can_top.v Line: 29
    Warning (15610): No output dependent on input pin "data_b_i[16]" File: C:/hdl_projects/CAN/can_top.v Line: 29
    Warning (15610): No output dependent on input pin "data_b_i[17]" File: C:/hdl_projects/CAN/can_top.v Line: 29
    Warning (15610): No output dependent on input pin "data_b_i[18]" File: C:/hdl_projects/CAN/can_top.v Line: 29
    Warning (15610): No output dependent on input pin "data_b_i[19]" File: C:/hdl_projects/CAN/can_top.v Line: 29
    Warning (15610): No output dependent on input pin "data_b_i[20]" File: C:/hdl_projects/CAN/can_top.v Line: 29
    Warning (15610): No output dependent on input pin "data_b_i[21]" File: C:/hdl_projects/CAN/can_top.v Line: 29
    Warning (15610): No output dependent on input pin "data_b_i[22]" File: C:/hdl_projects/CAN/can_top.v Line: 29
    Warning (15610): No output dependent on input pin "data_b_i[23]" File: C:/hdl_projects/CAN/can_top.v Line: 29
    Warning (15610): No output dependent on input pin "data_b_i[24]" File: C:/hdl_projects/CAN/can_top.v Line: 29
    Warning (15610): No output dependent on input pin "data_b_i[25]" File: C:/hdl_projects/CAN/can_top.v Line: 29
    Warning (15610): No output dependent on input pin "data_b_i[26]" File: C:/hdl_projects/CAN/can_top.v Line: 29
    Warning (15610): No output dependent on input pin "data_b_i[27]" File: C:/hdl_projects/CAN/can_top.v Line: 29
    Warning (15610): No output dependent on input pin "data_b_i[28]" File: C:/hdl_projects/CAN/can_top.v Line: 29
    Warning (15610): No output dependent on input pin "data_b_i[29]" File: C:/hdl_projects/CAN/can_top.v Line: 29
    Warning (15610): No output dependent on input pin "data_b_i[30]" File: C:/hdl_projects/CAN/can_top.v Line: 29
    Warning (15610): No output dependent on input pin "data_b_i[31]" File: C:/hdl_projects/CAN/can_top.v Line: 29
    Warning (15610): No output dependent on input pin "data_b_i[32]" File: C:/hdl_projects/CAN/can_top.v Line: 29
    Warning (15610): No output dependent on input pin "data_b_i[33]" File: C:/hdl_projects/CAN/can_top.v Line: 29
    Warning (15610): No output dependent on input pin "data_b_i[34]" File: C:/hdl_projects/CAN/can_top.v Line: 29
    Warning (15610): No output dependent on input pin "data_b_i[35]" File: C:/hdl_projects/CAN/can_top.v Line: 29
    Warning (15610): No output dependent on input pin "data_b_i[36]" File: C:/hdl_projects/CAN/can_top.v Line: 29
    Warning (15610): No output dependent on input pin "data_b_i[37]" File: C:/hdl_projects/CAN/can_top.v Line: 29
    Warning (15610): No output dependent on input pin "data_b_i[38]" File: C:/hdl_projects/CAN/can_top.v Line: 29
    Warning (15610): No output dependent on input pin "data_b_i[39]" File: C:/hdl_projects/CAN/can_top.v Line: 29
    Warning (15610): No output dependent on input pin "data_b_i[40]" File: C:/hdl_projects/CAN/can_top.v Line: 29
    Warning (15610): No output dependent on input pin "data_b_i[41]" File: C:/hdl_projects/CAN/can_top.v Line: 29
    Warning (15610): No output dependent on input pin "data_b_i[42]" File: C:/hdl_projects/CAN/can_top.v Line: 29
    Warning (15610): No output dependent on input pin "data_b_i[43]" File: C:/hdl_projects/CAN/can_top.v Line: 29
    Warning (15610): No output dependent on input pin "data_b_i[44]" File: C:/hdl_projects/CAN/can_top.v Line: 29
    Warning (15610): No output dependent on input pin "data_b_i[45]" File: C:/hdl_projects/CAN/can_top.v Line: 29
    Warning (15610): No output dependent on input pin "data_b_i[46]" File: C:/hdl_projects/CAN/can_top.v Line: 29
    Warning (15610): No output dependent on input pin "data_b_i[47]" File: C:/hdl_projects/CAN/can_top.v Line: 29
    Warning (15610): No output dependent on input pin "data_b_i[48]" File: C:/hdl_projects/CAN/can_top.v Line: 29
    Warning (15610): No output dependent on input pin "data_b_i[49]" File: C:/hdl_projects/CAN/can_top.v Line: 29
    Warning (15610): No output dependent on input pin "data_b_i[50]" File: C:/hdl_projects/CAN/can_top.v Line: 29
    Warning (15610): No output dependent on input pin "data_b_i[51]" File: C:/hdl_projects/CAN/can_top.v Line: 29
    Warning (15610): No output dependent on input pin "data_b_i[52]" File: C:/hdl_projects/CAN/can_top.v Line: 29
    Warning (15610): No output dependent on input pin "data_b_i[53]" File: C:/hdl_projects/CAN/can_top.v Line: 29
    Warning (15610): No output dependent on input pin "data_b_i[54]" File: C:/hdl_projects/CAN/can_top.v Line: 29
    Warning (15610): No output dependent on input pin "data_b_i[55]" File: C:/hdl_projects/CAN/can_top.v Line: 29
    Warning (15610): No output dependent on input pin "data_b_i[56]" File: C:/hdl_projects/CAN/can_top.v Line: 29
    Warning (15610): No output dependent on input pin "data_b_i[57]" File: C:/hdl_projects/CAN/can_top.v Line: 29
    Warning (15610): No output dependent on input pin "data_b_i[58]" File: C:/hdl_projects/CAN/can_top.v Line: 29
    Warning (15610): No output dependent on input pin "data_b_i[59]" File: C:/hdl_projects/CAN/can_top.v Line: 29
    Warning (15610): No output dependent on input pin "data_b_i[60]" File: C:/hdl_projects/CAN/can_top.v Line: 29
    Warning (15610): No output dependent on input pin "data_b_i[61]" File: C:/hdl_projects/CAN/can_top.v Line: 29
    Warning (15610): No output dependent on input pin "data_b_i[62]" File: C:/hdl_projects/CAN/can_top.v Line: 29
    Warning (15610): No output dependent on input pin "data_b_i[63]" File: C:/hdl_projects/CAN/can_top.v Line: 29
Info (21057): Implemented 335 device resources after synthesis - the final resource count might be different
    Info (21058): Implemented 86 input pins
    Info (21059): Implemented 37 output pins
    Info (21061): Implemented 212 logic cells
Info: Quartus Prime Analysis & Synthesis was successful. 0 errors, 109 warnings
    Info: Peak virtual memory: 4767 megabytes
    Info: Processing ended: Wed Oct 07 19:41:42 2020
    Info: Elapsed time: 00:00:08
    Info: Total CPU time (on all processors): 00:00:16


+------------------------------------------+
; Analysis & Synthesis Suppressed Messages ;
+------------------------------------------+
The suppressed messages can be found in C:/hdl_projects/CAN/output_files/CAN.map.smsg.


